<?xml version="1.0" encoding="UTF-8"?>
<testsuites name="Mocha Tests" time="14.4350" tests="6" failures="6">
  <testsuite name="Root Suite" timestamp="2020-07-02T00:12:30" tests="0" time="0.0000" failures="0">
  </testsuite>
  <testsuite name="git_test " timestamp="2020-07-02T00:12:30" tests="6" file="C:\Users\DelightPC\Desktop\express-dataset\test\tests.js" time="14.4350" failures="6">
    <testcase name="git_test  http00.json: Sample Test" time="0.6970" classname="http00.json: Sample Test">
      <failure message="expected 1 to equal undefined" type="AssertionError"><![CDATA[AssertionError: expected 1 to equal undefined
    at test\tests.js:86:31
    at tryCatcher (node_modules\bluebird\js\release\util.js:16:23)
    at Promise._settlePromiseFromHandler (node_modules\bluebird\js\release\promise.js:547:31)
    at Promise._settlePromise (node_modules\bluebird\js\release\promise.js:604:18)
    at Promise._settlePromise0 (node_modules\bluebird\js\release\promise.js:649:10)
    at Promise._settlePromises (node_modules\bluebird\js\release\promise.js:729:18)
    at _drainQueueStep (node_modules\bluebird\js\release\async.js:93:12)
    at _drainQueue (node_modules\bluebird\js\release\async.js:86:9)
    at Async._drainQueues (node_modules\bluebird\js\release\async.js:102:5)
    at Immediate.Async.drainQueues [as _onImmediate] (node_modules\bluebird\js\release\async.js:15:14)
    at processImmediate (internal/timers.js:456:21)]]></failure>
    </testcase>
    <testcase name="git_test  http01.json: Additional Test 1" time="2.3240" classname="http01.json: Additional Test 1">
      <failure message="expected 1 to equal undefined" type="AssertionError"><![CDATA[AssertionError: expected 1 to equal undefined
    at test\tests.js:86:31
    at tryCatcher (node_modules\bluebird\js\release\util.js:16:23)
    at Promise._settlePromiseFromHandler (node_modules\bluebird\js\release\promise.js:547:31)
    at Promise._settlePromise (node_modules\bluebird\js\release\promise.js:604:18)
    at Promise._settlePromise0 (node_modules\bluebird\js\release\promise.js:649:10)
    at Promise._settlePromises (node_modules\bluebird\js\release\promise.js:729:18)
    at _drainQueueStep (node_modules\bluebird\js\release\async.js:93:12)
    at _drainQueue (node_modules\bluebird\js\release\async.js:86:9)
    at Async._drainQueues (node_modules\bluebird\js\release\async.js:102:5)
    at Immediate.Async.drainQueues [as _onImmediate] (node_modules\bluebird\js\release\async.js:15:14)
    at processImmediate (internal/timers.js:456:21)]]></failure>
    </testcase>
    <testcase name="git_test  http02.json: Additional Test 2" time="1.6260" classname="http02.json: Additional Test 2">
      <failure message="expected 1 to equal undefined" type="AssertionError"><![CDATA[AssertionError: expected 1 to equal undefined
    at test\tests.js:86:31
    at tryCatcher (node_modules\bluebird\js\release\util.js:16:23)
    at Promise._settlePromiseFromHandler (node_modules\bluebird\js\release\promise.js:547:31)
    at Promise._settlePromise (node_modules\bluebird\js\release\promise.js:604:18)
    at Promise._settlePromise0 (node_modules\bluebird\js\release\promise.js:649:10)
    at Promise._settlePromises (node_modules\bluebird\js\release\promise.js:729:18)
    at _drainQueueStep (node_modules\bluebird\js\release\async.js:93:12)
    at _drainQueue (node_modules\bluebird\js\release\async.js:86:9)
    at Async._drainQueues (node_modules\bluebird\js\release\async.js:102:5)
    at Immediate.Async.drainQueues [as _onImmediate] (node_modules\bluebird\js\release\async.js:15:14)
    at processImmediate (internal/timers.js:456:21)]]></failure>
    </testcase>
    <testcase name="git_test  http03.json: Additional Test 3" time="2.0900" classname="http03.json: Additional Test 3">
      <failure message="expected 1 to equal undefined" type="AssertionError"><![CDATA[AssertionError: expected 1 to equal undefined
    at test\tests.js:86:31
    at tryCatcher (node_modules\bluebird\js\release\util.js:16:23)
    at Promise._settlePromiseFromHandler (node_modules\bluebird\js\release\promise.js:547:31)
    at Promise._settlePromise (node_modules\bluebird\js\release\promise.js:604:18)
    at Promise._settlePromise0 (node_modules\bluebird\js\release\promise.js:649:10)
    at Promise._settlePromises (node_modules\bluebird\js\release\promise.js:729:18)
    at _drainQueueStep (node_modules\bluebird\js\release\async.js:93:12)
    at _drainQueue (node_modules\bluebird\js\release\async.js:86:9)
    at Async._drainQueues (node_modules\bluebird\js\release\async.js:102:5)
    at Immediate.Async.drainQueues [as _onImmediate] (node_modules\bluebird\js\release\async.js:15:14)
    at processImmediate (internal/timers.js:456:21)]]></failure>
    </testcase>
    <testcase name="git_test  http04.json: Additional Test 4" time="3.6650" classname="http04.json: Additional Test 4">
      <failure message="expected 1 to equal undefined" type="AssertionError"><![CDATA[AssertionError: expected 1 to equal undefined
    at test\tests.js:86:31
    at tryCatcher (node_modules\bluebird\js\release\util.js:16:23)
    at Promise._settlePromiseFromHandler (node_modules\bluebird\js\release\promise.js:547:31)
    at Promise._settlePromise (node_modules\bluebird\js\release\promise.js:604:18)
    at Promise._settlePromise0 (node_modules\bluebird\js\release\promise.js:649:10)
    at Promise._settlePromises (node_modules\bluebird\js\release\promise.js:729:18)
    at _drainQueueStep (node_modules\bluebird\js\release\async.js:93:12)
    at _drainQueue (node_modules\bluebird\js\release\async.js:86:9)
    at Async._drainQueues (node_modules\bluebird\js\release\async.js:102:5)
    at Immediate.Async.drainQueues [as _onImmediate] (node_modules\bluebird\js\release\async.js:15:14)
    at processImmediate (internal/timers.js:456:21)]]></failure>
    </testcase>
    <testcase name="git_test  http05.json: Additional Test 5" time="4.0330" classname="http05.json: Additional Test 5">
      <failure message="expected 1 to equal undefined" type="AssertionError"><![CDATA[AssertionError: expected 1 to equal undefined
    at test\tests.js:86:31
    at tryCatcher (node_modules\bluebird\js\release\util.js:16:23)
    at Promise._settlePromiseFromHandler (node_modules\bluebird\js\release\promise.js:547:31)
    at Promise._settlePromise (node_modules\bluebird\js\release\promise.js:604:18)
    at Promise._settlePromise0 (node_modules\bluebird\js\release\promise.js:649:10)
    at Promise._settlePromises (node_modules\bluebird\js\release\promise.js:729:18)
    at _drainQueueStep (node_modules\bluebird\js\release\async.js:93:12)
    at _drainQueue (node_modules\bluebird\js\release\async.js:86:9)
    at Async._drainQueues (node_modules\bluebird\js\release\async.js:102:5)
    at Immediate.Async.drainQueues [as _onImmediate] (node_modules\bluebird\js\release\async.js:15:14)
    at processImmediate (internal/timers.js:456:21)]]></failure>
    </testcase>
  </testsuite>
</testsuites>